Archive member included to satisfy reference by file (symbol)

d:/stm32cubeide_1.9.0/stm32cubeide/plugins/com.st.stm32cube.ide.mcu.externaltools.gnu-tools-for-stm32.10.3-2021.10.win32_1.0.0.202111181127/tools/bin/../lib/gcc/arm-none-eabi/10.3.1/../../../../arm-none-eabi/lib/thumb/v7e-m+fp/hard\libc_nano.a(lib_a-errno.o)
                              ./Core/Src/syscalls.o (__errno)
d:/stm32cubeide_1.9.0/stm32cubeide/plugins/com.st.stm32cube.ide.mcu.externaltools.gnu-tools-for-stm32.10.3-2021.10.win32_1.0.0.202111181127/tools/bin/../lib/gcc/arm-none-eabi/10.3.1/../../../../arm-none-eabi/lib/thumb/v7e-m+fp/hard\libc_nano.a(lib_a-exit.o)
                              d:/stm32cubeide_1.9.0/stm32cubeide/plugins/com.st.stm32cube.ide.mcu.externaltools.gnu-tools-for-stm32.10.3-2021.10.win32_1.0.0.202111181127/tools/bin/../lib/gcc/arm-none-eabi/10.3.1/../../../../arm-none-eabi/lib/thumb/v7e-m+fp/hard/crt0.o (exit)
d:/stm32cubeide_1.9.0/stm32cubeide/plugins/com.st.stm32cube.ide.mcu.externaltools.gnu-tools-for-stm32.10.3-2021.10.win32_1.0.0.202111181127/tools/bin/../lib/gcc/arm-none-eabi/10.3.1/../../../../arm-none-eabi/lib/thumb/v7e-m+fp/hard\libc_nano.a(lib_a-impure.o)
                              d:/stm32cubeide_1.9.0/stm32cubeide/plugins/com.st.stm32cube.ide.mcu.externaltools.gnu-tools-for-stm32.10.3-2021.10.win32_1.0.0.202111181127/tools/bin/../lib/gcc/arm-none-eabi/10.3.1/../../../../arm-none-eabi/lib/thumb/v7e-m+fp/hard\libc_nano.a(lib_a-exit.o) (_global_impure_ptr)
d:/stm32cubeide_1.9.0/stm32cubeide/plugins/com.st.stm32cube.ide.mcu.externaltools.gnu-tools-for-stm32.10.3-2021.10.win32_1.0.0.202111181127/tools/bin/../lib/gcc/arm-none-eabi/10.3.1/../../../../arm-none-eabi/lib/thumb/v7e-m+fp/hard\libc_nano.a(lib_a-init.o)
                              d:/stm32cubeide_1.9.0/stm32cubeide/plugins/com.st.stm32cube.ide.mcu.externaltools.gnu-tools-for-stm32.10.3-2021.10.win32_1.0.0.202111181127/tools/bin/../lib/gcc/arm-none-eabi/10.3.1/../../../../arm-none-eabi/lib/thumb/v7e-m+fp/hard/crt0.o (__libc_init_array)
d:/stm32cubeide_1.9.0/stm32cubeide/plugins/com.st.stm32cube.ide.mcu.externaltools.gnu-tools-for-stm32.10.3-2021.10.win32_1.0.0.202111181127/tools/bin/../lib/gcc/arm-none-eabi/10.3.1/../../../../arm-none-eabi/lib/thumb/v7e-m+fp/hard\libc_nano.a(lib_a-memset.o)
                              d:/stm32cubeide_1.9.0/stm32cubeide/plugins/com.st.stm32cube.ide.mcu.externaltools.gnu-tools-for-stm32.10.3-2021.10.win32_1.0.0.202111181127/tools/bin/../lib/gcc/arm-none-eabi/10.3.1/../../../../arm-none-eabi/lib/thumb/v7e-m+fp/hard/crt0.o (memset)
d:/stm32cubeide_1.9.0/stm32cubeide/plugins/com.st.stm32cube.ide.mcu.externaltools.gnu-tools-for-stm32.10.3-2021.10.win32_1.0.0.202111181127/tools/bin/../lib/gcc/arm-none-eabi/10.3.1/thumb/v7e-m+fp/hard\libgcc.a(_aeabi_uldivmod.o)
                              ./Drivers/STM32F4xx_HAL_Driver/Src/stm32f4xx_hal_rcc.o (__aeabi_uldivmod)
d:/stm32cubeide_1.9.0/stm32cubeide/plugins/com.st.stm32cube.ide.mcu.externaltools.gnu-tools-for-stm32.10.3-2021.10.win32_1.0.0.202111181127/tools/bin/../lib/gcc/arm-none-eabi/10.3.1/thumb/v7e-m+fp/hard\libgcc.a(_udivmoddi4.o)
                              d:/stm32cubeide_1.9.0/stm32cubeide/plugins/com.st.stm32cube.ide.mcu.externaltools.gnu-tools-for-stm32.10.3-2021.10.win32_1.0.0.202111181127/tools/bin/../lib/gcc/arm-none-eabi/10.3.1/thumb/v7e-m+fp/hard\libgcc.a(_aeabi_uldivmod.o) (__udivmoddi4)
d:/stm32cubeide_1.9.0/stm32cubeide/plugins/com.st.stm32cube.ide.mcu.externaltools.gnu-tools-for-stm32.10.3-2021.10.win32_1.0.0.202111181127/tools/bin/../lib/gcc/arm-none-eabi/10.3.1/thumb/v7e-m+fp/hard\libgcc.a(_dvmd_tls.o)
                              d:/stm32cubeide_1.9.0/stm32cubeide/plugins/com.st.stm32cube.ide.mcu.externaltools.gnu-tools-for-stm32.10.3-2021.10.win32_1.0.0.202111181127/tools/bin/../lib/gcc/arm-none-eabi/10.3.1/thumb/v7e-m+fp/hard\libgcc.a(_aeabi_uldivmod.o) (__aeabi_ldiv0)

Discarded input sections

 .text          0x0000000000000000        0x0 d:/stm32cubeide_1.9.0/stm32cubeide/plugins/com.st.stm32cube.ide.mcu.externaltools.gnu-tools-for-stm32.10.3-2021.10.win32_1.0.0.202111181127/tools/bin/../lib/gcc/arm-none-eabi/10.3.1/thumb/v7e-m+fp/hard/crti.o
 .data          0x0000000000000000        0x0 d:/stm32cubeide_1.9.0/stm32cubeide/plugins/com.st.stm32cube.ide.mcu.externaltools.gnu-tools-for-stm32.10.3-2021.10.win32_1.0.0.202111181127/tools/bin/../lib/gcc/arm-none-eabi/10.3.1/thumb/v7e-m+fp/hard/crti.o
 .bss           0x0000000000000000        0x0 d:/stm32cubeide_1.9.0/stm32cubeide/plugins/com.st.stm32cube.ide.mcu.externaltools.gnu-tools-for-stm32.10.3-2021.10.win32_1.0.0.202111181127/tools/bin/../lib/gcc/arm-none-eabi/10.3.1/thumb/v7e-m+fp/hard/crti.o
 .data          0x0000000000000000        0x4 d:/stm32cubeide_1.9.0/stm32cubeide/plugins/com.st.stm32cube.ide.mcu.externaltools.gnu-tools-for-stm32.10.3-2021.10.win32_1.0.0.202111181127/tools/bin/../lib/gcc/arm-none-eabi/10.3.1/thumb/v7e-m+fp/hard/crtbegin.o
[...]
Memory Configuration

Name             Origin             Length             Attributes
CCMRAM           0x0000000010000000 0x0000000000010000 xrw
RAM              0x0000000020000000 0x0000000000030000 xrw
FLASH            0x0000000008000000 0x0000000000200000 xr
*default*        0x0000000000000000 0xffffffffffffffff

Linker script and memory map

LOAD d:/stm32cubeide_1.9.0/stm32cubeide/plugins/com.st.stm32cube.ide.mcu.externaltools.gnu-tools-for-stm32.10.3-2021.10.win32_1.0.0.202111181127/tools/bin/../lib/gcc/arm-none-eabi/10.3.1/thumb/v7e-m+fp/hard/crti.o
LOAD d:/stm32cubeide_1.9.0/stm32cubeide/plugins/com.st.stm32cube.ide.mcu.externaltools.gnu-tools-for-stm32.10.3-2021.10.win32_1.0.0.202111181127/tools/bin/../lib/gcc/arm-none-eabi/10.3.1/thumb/v7e-m+fp/hard/crtbegin.o
LOAD d:/stm32cubeide_1.9.0/stm32cubeide/plugins/com.st.stm32cube.ide.mcu.externaltools.gnu-tools-for-stm32.10.3-2021.10.win32_1.0.0.202111181127/tools/bin/../lib/gcc/arm-none-eabi/10.3.1/../../../../arm-none-eabi/lib/thumb/v7e-m+fp/hard/crt0.o
LOAD ./Core/Src/discovery.o
LOAD ./Core/Src/fonts.o
LOAD ./Core/Src/ili9341.o
LOAD ./Core/Src/main.o
LOAD ./Core/Src/stm32f4xx_hal_msp.o
LOAD ./Core/Src/stm32f4xx_it.o
LOAD ./Core/Src/syscalls.o
LOAD ./Core/Src/sysmem.o
LOAD ./Core/Src/system_stm32f4xx.o
LOAD ./Core/Startup/startup_stm32f429zitx.o
LOAD ./Drivers/STM32F4xx_HAL_Driver/Src/stm32f4xx_hal.o
LOAD ./Drivers/STM32F4xx_HAL_Driver/Src/stm32f4xx_hal_cortex.o
LOAD ./Drivers/STM32F4xx_HAL_Driver/Src/stm32f4xx_hal_dma.o
LOAD ./Drivers/STM32F4xx_HAL_Driver/Src/stm32f4xx_hal_dma_ex.o
LOAD ./Drivers/STM32F4xx_HAL_Driver/Src/stm32f4xx_hal_exti.o
LOAD ./Drivers/STM32F4xx_HAL_Driver/Src/stm32f4xx_hal_flash.o
LOAD ./Drivers/STM32F4xx_HAL_Driver/Src/stm32f4xx_hal_flash_ex.o
LOAD ./Drivers/STM32F4xx_HAL_Driver/Src/stm32f4xx_hal_flash_ramfunc.o
LOAD ./Drivers/STM32F4xx_HAL_Driver/Src/stm32f4xx_hal_gpio.o
LOAD ./Drivers/STM32F4xx_HAL_Driver/Src/stm32f4xx_hal_pwr.o
LOAD ./Drivers/STM32F4xx_HAL_Driver/Src/stm32f4xx_hal_pwr_ex.o
LOAD ./Drivers/STM32F4xx_HAL_Driver/Src/stm32f4xx_hal_rcc.o
LOAD ./Drivers/STM32F4xx_HAL_Driver/Src/stm32f4xx_hal_rcc_ex.o
LOAD ./Drivers/STM32F4xx_HAL_Driver/Src/stm32f4xx_hal_spi.o
LOAD ./Drivers/STM32F4xx_HAL_Driver/Src/stm32f4xx_hal_tim.o
LOAD ./Drivers/STM32F4xx_HAL_Driver/Src/stm32f4xx_hal_tim_ex.o
START GROUP
LOAD d:/stm32cubeide_1.9.0/stm32cubeide/plugins/com.st.stm32cube.ide.mcu.externaltools.gnu-tools-for-stm32.10.3-2021.10.win32_1.0.0.202111181127/tools/bin/../lib/gcc/arm-none-eabi/10.3.1/../../../../arm-none-eabi/lib/thumb/v7e-m+fp/hard\libc_nano.a
LOAD d:/stm32cubeide_1.9.0/stm32cubeide/plugins/com.st.stm32cube.ide.mcu.externaltools.gnu-tools-for-stm32.10.3-2021.10.win32_1.0.0.202111181127/tools/bin/../lib/gcc/arm-none-eabi/10.3.1/../../../../arm-none-eabi/lib/thumb/v7e-m+fp/hard\libm.a
END GROUP
START GROUP
LOAD d:/stm32cubeide_1.9.0/stm32cubeide/plugins/com.st.stm32cube.ide.mcu.externaltools.gnu-tools-for-stm32.10.3-2021.10.win32_1.0.0.202111181127/tools/bin/../lib/gcc/arm-none-eabi/10.3.1/thumb/v7e-m+fp/hard\libgcc.a
LOAD d:/stm32cubeide_1.9.0/stm32cubeide/plugins/com.st.stm32cube.ide.mcu.externaltools.gnu-tools-for-stm32.10.3-2021.10.win32_1.0.0.202111181127/tools/bin/../lib/gcc/arm-none-eabi/10.3.1/../../../../arm-none-eabi/lib/thumb/v7e-m+fp/hard\libc_nano.a
END GROUP
START GROUP
LOAD d:/stm32cubeide_1.9.0/stm32cubeide/plugins/com.st.stm32cube.ide.mcu.externaltools.gnu-tools-for-stm32.10.3-2021.10.win32_1.0.0.202111181127/tools/bin/../lib/gcc/arm-none-eabi/10.3.1/thumb/v7e-m+fp/hard\libgcc.a
LOAD d:/stm32cubeide_1.9.0/stm32cubeide/plugins/com.st.stm32cube.ide.mcu.externaltools.gnu-tools-for-stm32.10.3-2021.10.win32_1.0.0.202111181127/tools/bin/../lib/gcc/arm-none-eabi/10.3.1/../../../../arm-none-eabi/lib/thumb/v7e-m+fp/hard\libc_nano.a
LOAD d:/stm32cubeide_1.9.0/stm32cubeide/plugins/com.st.stm32cube.ide.mcu.externaltools.gnu-tools-for-stm32.10.3-2021.10.win32_1.0.0.202111181127/tools/bin/../lib/gcc/arm-none-eabi/10.3.1/../../../../arm-none-eabi/lib/thumb/v7e-m+fp/hard\libnosys.a
END GROUP
START GROUP
LOAD d:/stm32cubeide_1.9.0/stm32cubeide/plugins/com.st.stm32cube.ide.mcu.externaltools.gnu-tools-for-stm32.10.3-2021.10.win32_1.0.0.202111181127/tools/bin/../lib/gcc/arm-none-eabi/10.3.1/thumb/v7e-m+fp/hard\libgcc.a
LOAD d:/stm32cubeide_1.9.0/stm32cubeide/plugins/com.st.stm32cube.ide.mcu.externaltools.gnu-tools-for-stm32.10.3-2021.10.win32_1.0.0.202111181127/tools/bin/../lib/gcc/arm-none-eabi/10.3.1/../../../../arm-none-eabi/lib/thumb/v7e-m+fp/hard\libc_nano.a
LOAD d:/stm32cubeide_1.9.0/stm32cubeide/plugins/com.st.stm32cube.ide.mcu.externaltools.gnu-tools-for-stm32.10.3-2021.10.win32_1.0.0.202111181127/tools/bin/../lib/gcc/arm-none-eabi/10.3.1/../../../../arm-none-eabi/lib/thumb/v7e-m+fp/hard\libnosys.a
END GROUP
LOAD d:/stm32cubeide_1.9.0/stm32cubeide/plugins/com.st.stm32cube.ide.mcu.externaltools.gnu-tools-for-stm32.10.3-2021.10.win32_1.0.0.202111181127/tools/bin/../lib/gcc/arm-none-eabi/10.3.1/thumb/v7e-m+fp/hard/crtend.o
LOAD d:/stm32cubeide_1.9.0/stm32cubeide/plugins/com.st.stm32cube.ide.mcu.externaltools.gnu-tools-for-stm32.10.3-2021.10.win32_1.0.0.202111181127/tools/bin/../lib/gcc/arm-none-eabi/10.3.1/thumb/v7e-m+fp/hard/crtn.o
                0x0000000020030000                _estack = (ORIGIN (RAM) + LENGTH (RAM))
                0x0000000000000200                _Min_Heap_Size = 0x200
                0x0000000000000400                _Min_Stack_Size = 0x400

.isr_vector     0x0000000008000000      0x1ac
                0x0000000008000000                . = ALIGN (0x4)
 *(.isr_vector)
 .isr_vector    0x0000000008000000      0x1ac ./Core/Startup/startup_stm32f429zitx.o
                0x0000000008000000                g_pfnVectors
                0x00000000080001ac                . = ALIGN (0x4)

.text           0x00000000080001ac     0x2b94
                0x00000000080001ac                . = ALIGN (0x4)
 *(.text)
 .text          0x00000000080001ac       0x40 d:/stm32cubeide_1.9.0/stm32cubeide/plugins/com.st.stm32cube.ide.mcu.externaltools.gnu-tools-for-stm32.10.3-2021.10.win32_1.0.0.202111181127/tools/bin/../lib/gcc/arm-none-eabi/10.3.1/thumb/v7e-m+fp/hard/crtbegin.o
 .text          0x00000000080001ec       0x30 d:/stm32cubeide_1.9.0/stm32cubeide/plugins/com.st.stm32cube.ide.mcu.externaltools.gnu-tools-for-stm32.10.3-2021.10.win32_1.0.0.202111181127/tools/bin/../lib/gcc/arm-none-eabi/10.3.1/thumb/v7e-m+fp/hard\libgcc.a(_aeabi_uldivmod.o)
                0x00000000080001ec                __aeabi_uldivmod
 .text          0x000000000800021c      0x2d0 d:/stm32cubeide_1.9.0/stm32cubeide/plugins/com.st.stm32cube.ide.mcu.externaltools.gnu-tools-for-stm32.10.3-2021.10.win32_1.0.0.202111181127/tools/bin/../lib/gcc/arm-none-eabi/10.3.1/thumb/v7e-m+fp/hard\libgcc.a(_udivmoddi4.o)
                0x000000000800021c                __udivmoddi4
 .text          0x00000000080004ec        0x4 d:/stm32cubeide_1.9.0/stm32cubeide/plugins/com.st.stm32cube.ide.mcu.externaltools.gnu-tools-for-stm32.10.3-2021.10.win32_1.0.0.202111181127/tools/bin/../lib/gcc/arm-none-eabi/10.3.1/thumb/v7e-m+fp/hard\libgcc.a(_dvmd_tls.o)
                0x00000000080004ec                __aeabi_idiv0
                0x00000000080004ec                __aeabi_ldiv0
 *(.text*)
 .text.LCD_IO_Init
                0x00000000080004f0       0xf0 ./Core/Src/discovery.o
                0x00000000080004f0                LCD_IO_Init
 .text.LCD_IO_WriteData
                0x00000000080005e0       0x44 ./Core/Src/discovery.o
                0x00000000080005e0                LCD_IO_WriteData
 .text.LCD_IO_WriteReg
                0x0000000008000624       0x44 ./Core/Src/discovery.o
                0x0000000008000624                LCD_IO_WriteReg
 .text.LCD_Delay
                0x0000000008000668       0x16 ./Core/Src/discovery.o
                0x0000000008000668                LCD_Delay
 *fill*         0x000000000800067e        0x2 
 .text.SPIx_MspInit
                0x0000000008000680       0x74 ./Core/Src/discovery.o
                0x0000000008000680                SPIx_MspInit
 .text.SPIx_Init
                0x00000000080006f4       0x74 ./Core/Src/discovery.o
                0x00000000080006f4                SPIx_Init
 .text.SPIx_Write
                0x0000000008000768       0x3c ./Core/Src/discovery.o
                0x0000000008000768                SPIx_Write
 .text.SPIx_Error
                0x00000000080007a4       0x18 ./Core/Src/discovery.o
                0x00000000080007a4                SPIx_Error
 .text.Font_GetFont
                0x00000000080007bc       0x44 ./Core/Src/fonts.o
                0x00000000080007bc                Font_GetFont
 .text.Font_GetPage
                0x0000000008000800       0x74 ./Core/Src/fonts.o
                0x0000000008000800                Font_GetPage
 .text.ili9341_Init
                0x0000000008000874       0xa4 ./Core/Src/ili9341.o
                0x0000000008000874                ili9341_Init
 .text.ili9341_WriteReg
                0x0000000008000918       0x1a ./Core/Src/ili9341.o
                0x0000000008000918                ili9341_WriteReg
 .text.ili9341_WriteData
                0x0000000008000932       0x1a ./Core/Src/ili9341.o
                0x0000000008000932                ili9341_WriteData
 .text.ili9341_WriteData16
                0x000000000800094c       0x2a ./Core/Src/ili9341.o
                0x000000000800094c                ili9341_WriteData16
 .text.ili9341_SetCursor
                0x0000000008000976       0x6a ./Core/Src/ili9341.o
                0x0000000008000976                ili9341_SetCursor
 .text.ili9341_DrawPixel
                0x00000000080009e0       0x3c ./Core/Src/ili9341.o
                0x00000000080009e0                ili9341_DrawPixel
 .text.ili9341_WriteChar
                0x0000000008000a1c      0x108 ./Core/Src/ili9341.o
                0x0000000008000a1c                ili9341_WriteChar
 .text.ili9341_WriteChar2
                0x0000000008000b24      0x10c ./Core/Src/ili9341.o
                0x0000000008000b24                ili9341_WriteChar2
 .text.ili9341_DrawCube
                0x0000000008000c30       0x64 ./Core/Src/ili9341.o
                0x0000000008000c30                ili9341_DrawCube
 .text.ili9341_MainDraw
                0x0000000008000c94      0x2e0 ./Core/Src/ili9341.o
                0x0000000008000c94                ili9341_MainDraw
 .text.ili9341_DrawChank
                0x0000000008000f74       0x64 ./Core/Src/ili9341.o
                0x0000000008000f74                ili9341_DrawChank
 .text.ili9341_Print
                0x0000000008000fd8       0x56 ./Core/Src/ili9341.o
                0x0000000008000fd8                ili9341_Print
 .text.ili9341_DrawLine
                0x000000000800102e       0xd6 ./Core/Src/ili9341.o
                0x000000000800102e                ili9341_DrawLine
 .text.ili9341_DrawTriangle
                0x0000000008001104       0x5c ./Core/Src/ili9341.o
                0x0000000008001104                ili9341_DrawTriangle
 .text.Pixel_circle
                0x0000000008001160       0xea ./Core/Src/ili9341.o
 .text.main     0x000000000800124a       0x22 ./Core/Src/main.o
                0x000000000800124a                main
 .text.SystemClock_Config
                0x000000000800126c       0xc0 ./Core/Src/main.o
                0x000000000800126c                SystemClock_Config
 .text.MX_SPI5_Init
                0x000000000800132c       0x70 ./Core/Src/main.o
 .text.MX_GPIO_Init
                0x000000000800139c       0xd0 ./Core/Src/main.o
 .text.Error_Handler
                0x000000000800146c        0xa ./Core/Src/main.o
                0x000000000800146c                Error_Handler
 *fill*         0x0000000008001476        0x2 
 .text.HAL_MspInit
                0x0000000008001478       0x50 ./Core/Src/stm32f4xx_hal_msp.o
                0x0000000008001478                HAL_MspInit
 .text.HAL_SPI_MspInit
                0x00000000080014c8       0x90 ./Core/Src/stm32f4xx_hal_msp.o
                0x00000000080014c8                HAL_SPI_MspInit
 .text.HAL_SPI_MspDeInit
                0x0000000008001558       0x3c ./Core/Src/stm32f4xx_hal_msp.o
                0x0000000008001558                HAL_SPI_MspDeInit
 .text.NMI_Handler
                0x0000000008001594        0x6 ./Core/Src/stm32f4xx_it.o
                0x0000000008001594                NMI_Handler
 .text.HardFault_Handler
                0x000000000800159a        0x6 ./Core/Src/stm32f4xx_it.o
                0x000000000800159a                HardFault_Handler
 .text.MemManage_Handler
                0x00000000080015a0        0x6 ./Core/Src/stm32f4xx_it.o
                0x00000000080015a0                MemManage_Handler
 .text.BusFault_Handler
                0x00000000080015a6        0x6 ./Core/Src/stm32f4xx_it.o
                0x00000000080015a6                BusFault_Handler
 .text.UsageFault_Handler
                0x00000000080015ac        0x6 ./Core/Src/stm32f4xx_it.o
                0x00000000080015ac                UsageFault_Handler
 .text.SVC_Handler
                0x00000000080015b2        0xe ./Core/Src/stm32f4xx_it.o
                0x00000000080015b2                SVC_Handler
 .text.DebugMon_Handler
                0x00000000080015c0        0xe ./Core/Src/stm32f4xx_it.o
                0x00000000080015c0                DebugMon_Handler
 .text.PendSV_Handler
                0x00000000080015ce        0xe ./Core/Src/stm32f4xx_it.o
                0x00000000080015ce                PendSV_Handler
 .text.SysTick_Handler
                0x00000000080015dc        0xc ./Core/Src/stm32f4xx_it.o
                0x00000000080015dc                SysTick_Handler
 .text.SystemInit
                0x00000000080015e8       0x24 ./Core/Src/system_stm32f4xx.o
                0x00000000080015e8                SystemInit
 .text.Reset_Handler
                0x000000000800160c       0x50 ./Core/Startup/startup_stm32f429zitx.o
                0x000000000800160c                Reset_Handler
 .text.Default_Handler
                0x000000000800165c        0x2 ./Core/Startup/startup_stm32f429zitx.o
                0x000000000800165c                RTC_Alarm_IRQHandler
                0x000000000800165c                HASH_RNG_IRQHandler
                0x000000000800165c                EXTI2_IRQHandler
                0x000000000800165c                TIM8_CC_IRQHandler
                0x000000000800165c                UART8_IRQHandler
                0x000000000800165c                SPI4_IRQHandler
                0x000000000800165c                TIM1_CC_IRQHandler
                0x000000000800165c                DMA2_Stream5_IRQHandler
                0x000000000800165c                DMA1_Stream5_IRQHandler
                0x000000000800165c                PVD_IRQHandler
                0x000000000800165c                SDIO_IRQHandler
                0x000000000800165c                TAMP_STAMP_IRQHandler
                0x000000000800165c                CAN2_RX1_IRQHandler
                0x000000000800165c                EXTI3_IRQHandler
                0x000000000800165c                TIM8_TRG_COM_TIM14_IRQHandler
                0x000000000800165c                TIM1_UP_TIM10_IRQHandler
                0x000000000800165c                TIM8_UP_TIM13_IRQHandler
                0x000000000800165c                I2C3_ER_IRQHandler
                0x000000000800165c                EXTI0_IRQHandler
                0x000000000800165c                I2C2_EV_IRQHandler
                0x000000000800165c                DMA1_Stream2_IRQHandler
                0x000000000800165c                CAN1_RX0_IRQHandler
                0x000000000800165c                FPU_IRQHandler
                0x000000000800165c                OTG_HS_WKUP_IRQHandler
                0x000000000800165c                LTDC_ER_IRQHandler
                0x000000000800165c                CAN2_SCE_IRQHandler
                0x000000000800165c                DMA2_Stream2_IRQHandler
                0x000000000800165c                SPI1_IRQHandler
                0x000000000800165c                TIM6_DAC_IRQHandler
                0x000000000800165c                TIM1_BRK_TIM9_IRQHandler
                0x000000000800165c                DCMI_IRQHandler
                0x000000000800165c                CAN2_RX0_IRQHandler
                0x000000000800165c                DMA2_Stream3_IRQHandler
                0x000000000800165c                USART6_IRQHandler
                0x000000000800165c                USART3_IRQHandler
                0x000000000800165c                CAN1_RX1_IRQHandler
                0x000000000800165c                UART5_IRQHandler
                0x000000000800165c                DMA2_Stream0_IRQHandler
                0x000000000800165c                TIM4_IRQHandler
                0x000000000800165c                I2C1_EV_IRQHandler
                0x000000000800165c                DMA1_Stream6_IRQHandler
                0x000000000800165c                DMA1_Stream1_IRQHandler
                0x000000000800165c                UART4_IRQHandler
                0x000000000800165c                TIM3_IRQHandler
                0x000000000800165c                RCC_IRQHandler
                0x000000000800165c                TIM8_BRK_TIM12_IRQHandler
                0x000000000800165c                Default_Handler
                0x000000000800165c                EXTI15_10_IRQHandler
                0x000000000800165c                ADC_IRQHandler
                0x000000000800165c                DMA1_Stream7_IRQHandler
                0x000000000800165c                SPI5_IRQHandler
                0x000000000800165c                TIM7_IRQHandler
                0x000000000800165c                CAN2_TX_IRQHandler
                0x000000000800165c                TIM5_IRQHandler
                0x000000000800165c                DMA2_Stream7_IRQHandler
                0x000000000800165c                I2C3_EV_IRQHandler
                0x000000000800165c                EXTI9_5_IRQHandler
                0x000000000800165c                RTC_WKUP_IRQHandler
                0x000000000800165c                LTDC_IRQHandler
                0x000000000800165c                ETH_WKUP_IRQHandler
                0x000000000800165c                SPI2_IRQHandler
                0x000000000800165c                OTG_HS_EP1_IN_IRQHandler
                0x000000000800165c                DMA1_Stream0_IRQHandler
                0x000000000800165c                CAN1_TX_IRQHandler
                0x000000000800165c                EXTI4_IRQHandler
                0x000000000800165c                ETH_IRQHandler
                0x000000000800165c                OTG_HS_EP1_OUT_IRQHandler
                0x000000000800165c                WWDG_IRQHandler
                0x000000000800165c                SPI6_IRQHandler
                0x000000000800165c                TIM2_IRQHandler
                0x000000000800165c                OTG_FS_WKUP_IRQHandler
                0x000000000800165c                TIM1_TRG_COM_TIM11_IRQHandler
                0x000000000800165c                OTG_HS_IRQHandler
                0x000000000800165c                DMA2D_IRQHandler
                0x000000000800165c                EXTI1_IRQHandler
                0x000000000800165c                UART7_IRQHandler
                0x000000000800165c                USART2_IRQHandler
                0x000000000800165c                I2C2_ER_IRQHandler
                0x000000000800165c                DMA2_Stream1_IRQHandler
                0x000000000800165c                CAN1_SCE_IRQHandler
                0x000000000800165c                FLASH_IRQHandler
                0x000000000800165c                DMA2_Stream4_IRQHandler
                0x000000000800165c                USART1_IRQHandler
                0x000000000800165c                OTG_FS_IRQHandler
                0x000000000800165c                SPI3_IRQHandler
                0x000000000800165c                DMA1_Stream4_IRQHandler
                0x000000000800165c                I2C1_ER_IRQHandler
                0x000000000800165c                FMC_IRQHandler
                0x000000000800165c                DMA2_Stream6_IRQHandler
                0x000000000800165c                SAI1_IRQHandler
                0x000000000800165c                DMA1_Stream3_IRQHandler
 *fill*         0x000000000800165e        0x2 
 .text.HAL_Init
                0x0000000008001660       0x44 ./Drivers/STM32F4xx_HAL_Driver/Src/stm32f4xx_hal.o
                0x0000000008001660                HAL_Init
 .text.HAL_InitTick
                0x00000000080016a4       0x60 ./Drivers/STM32F4xx_HAL_Driver/Src/stm32f4xx_hal.o
                0x00000000080016a4                HAL_InitTick
 .text.HAL_IncTick
                0x0000000008001704       0x28 ./Drivers/STM32F4xx_HAL_Driver/Src/stm32f4xx_hal.o
                0x0000000008001704                HAL_IncTick
 .text.HAL_GetTick
                0x000000000800172c       0x18 ./Drivers/STM32F4xx_HAL_Driver/Src/stm32f4xx_hal.o
                0x000000000800172c                HAL_GetTick
 .text.HAL_Delay
                0x0000000008001744       0x48 ./Drivers/STM32F4xx_HAL_Driver/Src/stm32f4xx_hal.o
                0x0000000008001744                HAL_Delay
 .text.__NVIC_SetPriorityGrouping
                0x000000000800178c       0x48 ./Drivers/STM32F4xx_HAL_Driver/Src/stm32f4xx_hal_cortex.o
 .text.__NVIC_GetPriorityGrouping
                0x00000000080017d4       0x1c ./Drivers/STM32F4xx_HAL_Driver/Src/stm32f4xx_hal_cortex.o
 .text.__NVIC_SetPriority
                0x00000000080017f0       0x54 ./Drivers/STM32F4xx_HAL_Driver/Src/stm32f4xx_hal_cortex.o
 .text.NVIC_EncodePriority
                0x0000000008001844       0x66 ./Drivers/STM32F4xx_HAL_Driver/Src/stm32f4xx_hal_cortex.o
 *fill*         0x00000000080018aa        0x2 
 .text.SysTick_Config
                0x00000000080018ac       0x44 ./Drivers/STM32F4xx_HAL_Driver/Src/stm32f4xx_hal_cortex.o
 .text.HAL_NVIC_SetPriorityGrouping
                0x00000000080018f0       0x16 ./Drivers/STM32F4xx_HAL_Driver/Src/stm32f4xx_hal_cortex.o
                0x00000000080018f0                HAL_NVIC_SetPriorityGrouping
 .text.HAL_NVIC_SetPriority
                0x0000000008001906       0x38 ./Drivers/STM32F4xx_HAL_Driver/Src/stm32f4xx_hal_cortex.o
                0x0000000008001906                HAL_NVIC_SetPriority
 .text.HAL_SYSTICK_Config
                0x000000000800193e       0x18 ./Drivers/STM32F4xx_HAL_Driver/Src/stm32f4xx_hal_cortex.o
                0x000000000800193e                HAL_SYSTICK_Config
 *fill*         0x0000000008001956        0x2 
 .text.HAL_GPIO_Init
                0x0000000008001958      0x358 ./Drivers/STM32F4xx_HAL_Driver/Src/stm32f4xx_hal_gpio.o
                0x0000000008001958                HAL_GPIO_Init
 .text.HAL_GPIO_DeInit
                0x0000000008001cb0      0x218 ./Drivers/STM32F4xx_HAL_Driver/Src/stm32f4xx_hal_gpio.o
                0x0000000008001cb0                HAL_GPIO_DeInit
 .text.HAL_GPIO_WritePin
                0x0000000008001ec8       0x32 ./Drivers/STM32F4xx_HAL_Driver/Src/stm32f4xx_hal_gpio.o
                0x0000000008001ec8                HAL_GPIO_WritePin
 *fill*         0x0000000008001efa        0x2 
 .text.HAL_RCC_OscConfig
                0x0000000008001efc      0x4f0 ./Drivers/STM32F4xx_HAL_Driver/Src/stm32f4xx_hal_rcc.o
                0x0000000008001efc                HAL_RCC_OscConfig
 .text.HAL_RCC_ClockConfig
                0x00000000080023ec      0x1cc ./Drivers/STM32F4xx_HAL_Driver/Src/stm32f4xx_hal_rcc.o
                0x00000000080023ec                HAL_RCC_ClockConfig
 .text.HAL_RCC_GetSysClockFreq
                0x00000000080025b8      0x18c ./Drivers/STM32F4xx_HAL_Driver/Src/stm32f4xx_hal_rcc.o
                0x00000000080025b8                HAL_RCC_GetSysClockFreq
 .text.HAL_SPI_Init
                0x0000000008002744      0x112 ./Drivers/STM32F4xx_HAL_Driver/Src/stm32f4xx_hal_spi.o
                0x0000000008002744                HAL_SPI_Init
 .text.HAL_SPI_DeInit
                0x0000000008002856       0x50 ./Drivers/STM32F4xx_HAL_Driver/Src/stm32f4xx_hal_spi.o
                0x0000000008002856                HAL_SPI_DeInit
 .text.HAL_SPI_Transmit
                0x00000000080028a6      0x278 ./Drivers/STM32F4xx_HAL_Driver/Src/stm32f4xx_hal_spi.o
                0x00000000080028a6                HAL_SPI_Transmit
 .text.HAL_SPI_GetState
                0x0000000008002b1e       0x1c ./Drivers/STM32F4xx_HAL_Driver/Src/stm32f4xx_hal_spi.o
                0x0000000008002b1e                HAL_SPI_GetState
 *fill*         0x0000000008002b3a        0x2 
 .text.SPI_WaitFlagStateUntilTimeout
                0x0000000008002b3c      0x110 ./Drivers/STM32F4xx_HAL_Driver/Src/stm32f4xx_hal_spi.o
 .text.SPI_EndRxTxTransaction
                0x0000000008002c4c       0x84 ./Drivers/STM32F4xx_HAL_Driver/Src/stm32f4xx_hal_spi.o
 .text.__libc_init_array
                0x0000000008002cd0       0x48 d:/stm32cubeide_1.9.0/stm32cubeide/plugins/com.st.stm32cube.ide.mcu.externaltools.gnu-tools-for-stm32.10.3-2021.10.win32_1.0.0.202111181127/tools/bin/../lib/gcc/arm-none-eabi/10.3.1/../../../../arm-none-eabi/lib/thumb/v7e-m+fp/hard\libc_nano.a(lib_a-init.o)
                0x0000000008002cd0                __libc_init_array
 .text.memset   0x0000000008002d18       0x10 d:/stm32cubeide_1.9.0/stm32cubeide/plugins/com.st.stm32cube.ide.mcu.externaltools.gnu-tools-for-stm32.10.3-2021.10.win32_1.0.0.202111181127/tools/bin/../lib/gcc/arm-none-eabi/10.3.1/../../../../arm-none-eabi/lib/thumb/v7e-m+fp/hard\libc_nano.a(lib_a-memset.o)
                0x0000000008002d18                memset
 *(.glue_7)
 .glue_7        0x0000000008002d28        0x0 linker stubs
 *(.glue_7t)
 .glue_7t       0x0000000008002d28        0x0 linker stubs
 *(.eh_frame)
 .eh_frame      0x0000000008002d28        0x0 d:/stm32cubeide_1.9.0/stm32cubeide/plugins/com.st.stm32cube.ide.mcu.externaltools.gnu-tools-for-stm32.10.3-2021.10.win32_1.0.0.202111181127/tools/bin/../lib/gcc/arm-none-eabi/10.3.1/thumb/v7e-m+fp/hard/crtbegin.o
 *(.init)
 .init          0x0000000008002d28        0x4 d:/stm32cubeide_1.9.0/stm32cubeide/plugins/com.st.stm32cube.ide.mcu.externaltools.gnu-tools-for-stm32.10.3-2021.10.win32_1.0.0.202111181127/tools/bin/../lib/gcc/arm-none-eabi/10.3.1/thumb/v7e-m+fp/hard/crti.o
                0x0000000008002d28                _init
 .init          0x0000000008002d2c        0x8 d:/stm32cubeide_1.9.0/stm32cubeide/plugins/com.st.stm32cube.ide.mcu.externaltools.gnu-tools-for-stm32.10.3-2021.10.win32_1.0.0.202111181127/tools/bin/../lib/gcc/arm-none-eabi/10.3.1/thumb/v7e-m+fp/hard/crtn.o
 *(.fini)
 .fini          0x0000000008002d34        0x4 d:/stm32cubeide_1.9.0/stm32cubeide/plugins/com.st.stm32cube.ide.mcu.externaltools.gnu-tools-for-stm32.10.3-2021.10.win32_1.0.0.202111181127/tools/bin/../lib/gcc/arm-none-eabi/10.3.1/thumb/v7e-m+fp/hard/crti.o
                0x0000000008002d34                _fini
 .fini          0x0000000008002d38        0x8 d:/stm32cubeide_1.9.0/stm32cubeide/plugins/com.st.stm32cube.ide.mcu.externaltools.gnu-tools-for-stm32.10.3-2021.10.win32_1.0.0.202111181127/tools/bin/../lib/gcc/arm-none-eabi/10.3.1/thumb/v7e-m+fp/hard/crtn.o
                0x0000000008002d40                . = ALIGN (0x4)
                0x0000000008002d40                _etext = .

.vfp11_veneer   0x0000000008002d40        0x0
 .vfp11_veneer  0x0000000008002d40        0x0 linker stubs

.v4_bx          0x0000000008002d40        0x0
 .v4_bx         0x0000000008002d40        0x0 linker stubs

.iplt           0x0000000008002d40        0x0
 .iplt          0x0000000008002d40        0x0 d:/stm32cubeide_1.9.0/stm32cubeide/plugins/com.st.stm32cube.ide.mcu.externaltools.gnu-tools-for-stm32.10.3-2021.10.win32_1.0.0.202111181127/tools/bin/../lib/gcc/arm-none-eabi/10.3.1/thumb/v7e-m+fp/hard/crtbegin.o

.rodata         0x0000000008002d40      0x7b0
                0x0000000008002d40                . = ALIGN (0x4)
 *(.rodata)
 .rodata        0x0000000008002d40      0x2a5 ./Core/Src/ili9341.o
 *(.rodata*)
 *fill*         0x0000000008002fe5        0x3 
 .rodata.ascii_table_font8
                0x0000000008002fe8      0x1d8 ./Core/Src/fonts.o
                0x0000000008002fe8                ascii_table_font8
 .rodata.ascii_table_font12
                0x00000000080031c0       0x84 ./Core/Src/fonts.o
                0x00000000080031c0                ascii_table_font12
 .rodata.ascii_table_font7x5
                0x0000000008003244      0x299 ./Core/Src/fonts.o
                0x0000000008003244                ascii_table_font7x5
 *fill*         0x00000000080034dd        0x3 
 .rodata.AHBPrescTable
                0x00000000080034e0       0x10 ./Core/Src/system_stm32f4xx.o
                0x00000000080034e0                AHBPrescTable
                0x00000000080034f0                . = ALIGN (0x4)

.ARM.extab      0x00000000080034f0        0x0
                0x00000000080034f0                . = ALIGN (0x4)
 *(.ARM.extab* .gnu.linkonce.armextab.*)
                0x00000000080034f0                . = ALIGN (0x4)

.ARM            0x00000000080034f0        0x8
                0x00000000080034f0                . = ALIGN (0x4)
                0x00000000080034f0                __exidx_start = .
 *(.ARM.exidx*)
 .ARM.exidx     0x00000000080034f0        0x8 d:/stm32cubeide_1.9.0/stm32cubeide/plugins/com.st.stm32cube.ide.mcu.externaltools.gnu-tools-for-stm32.10.3-2021.10.win32_1.0.0.202111181127/tools/bin/../lib/gcc/arm-none-eabi/10.3.1/thumb/v7e-m+fp/hard\libgcc.a(_udivmoddi4.o)
                0x00000000080034f8                __exidx_end = .
                0x00000000080034f8                . = ALIGN (0x4)

.rel.dyn        0x00000000080034f8        0x0
 .rel.iplt      0x00000000080034f8        0x0 d:/stm32cubeide_1.9.0/stm32cubeide/plugins/com.st.stm32cube.ide.mcu.externaltools.gnu-tools-for-stm32.10.3-2021.10.win32_1.0.0.202111181127/tools/bin/../lib/gcc/arm-none-eabi/10.3.1/thumb/v7e-m+fp/hard/crtbegin.o

.preinit_array  0x00000000080034f8        0x0
                0x00000000080034f8                . = ALIGN (0x4)
                0x00000000080034f8                PROVIDE (__preinit_array_start = .)
 *(.preinit_array*)
                0x00000000080034f8                PROVIDE (__preinit_array_end = .)
                0x00000000080034f8                . = ALIGN (0x4)

.init_array     0x00000000080034f8        0x4
                0x00000000080034f8                . = ALIGN (0x4)
                0x00000000080034f8                PROVIDE (__init_array_start = .)
 *(SORT_BY_NAME(.init_array.*))
 *(.init_array*)
 .init_array    0x00000000080034f8        0x4 d:/stm32cubeide_1.9.0/stm32cubeide/plugins/com.st.stm32cube.ide.mcu.externaltools.gnu-tools-for-stm32.10.3-2021.10.win32_1.0.0.202111181127/tools/bin/../lib/gcc/arm-none-eabi/10.3.1/thumb/v7e-m+fp/hard/crtbegin.o
                0x00000000080034fc                PROVIDE (__init_array_end = .)
                0x00000000080034fc                . = ALIGN (0x4)

.fini_array     0x00000000080034fc        0x4
                0x00000000080034fc                . = ALIGN (0x4)
                [!provide]                        PROVIDE (__fini_array_start = .)
 *(SORT_BY_NAME(.fini_array.*))
 *(.fini_array*)
 .fini_array    0x00000000080034fc        0x4 d:/stm32cubeide_1.9.0/stm32cubeide/plugins/com.st.stm32cube.ide.mcu.externaltools.gnu-tools-for-stm32.10.3-2021.10.win32_1.0.0.202111181127/tools/bin/../lib/gcc/arm-none-eabi/10.3.1/thumb/v7e-m+fp/hard/crtbegin.o
                [!provide]                        PROVIDE (__fini_array_end = .)
                0x0000000008003500                . = ALIGN (0x4)
                0x0000000008003500                _sidata = LOADADDR (.data)

.data           0x0000000020000000       0x28 load address 0x0000000008003500
                0x0000000020000000                . = ALIGN (0x4)
                0x0000000020000000                _sdata = .
 *(.data)
 *(.data*)
 .data.SpixTimeout
                0x0000000020000000        0x4 ./Core/Src/discovery.o
                0x0000000020000000                SpixTimeout
 .data.font7x5  0x0000000020000004        0x8 ./Core/Src/fonts.o
                0x0000000020000004                font7x5
 .data.font8    0x000000002000000c        0x8 ./Core/Src/fonts.o
                0x000000002000000c                font8
 .data.font12   0x0000000020000014        0x8 ./Core/Src/fonts.o
                0x0000000020000014                font12
 .data.SystemCoreClock
                0x000000002000001c        0x4 ./Core/Src/system_stm32f4xx.o
                0x000000002000001c                SystemCoreClock
 .data.uwTickPrio
                0x0000000020000020        0x4 ./Drivers/STM32F4xx_HAL_Driver/Src/stm32f4xx_hal.o
                0x0000000020000020                uwTickPrio
 .data.uwTickFreq
                0x0000000020000024        0x1 ./Drivers/STM32F4xx_HAL_Driver/Src/stm32f4xx_hal.o
                0x0000000020000024                uwTickFreq
 *(.RamFunc)
 *(.RamFunc*)
                0x0000000020000028                . = ALIGN (0x4)
 *fill*         0x0000000020000025        0x3 
                0x0000000020000028                _edata = .
                0x0000000008003528                _siccmram = LOADADDR (.ccmram)

.igot.plt       0x0000000020000028        0x0 load address 0x0000000008003528
 .igot.plt      0x0000000020000028        0x0 d:/stm32cubeide_1.9.0/stm32cubeide/plugins/com.st.stm32cube.ide.mcu.externaltools.gnu-tools-for-stm32.10.3-2021.10.win32_1.0.0.202111181127/tools/bin/../lib/gcc/arm-none-eabi/10.3.1/thumb/v7e-m+fp/hard/crtbegin.o

.ccmram         0x0000000010000000        0x0 load address 0x0000000008003528
                0x0000000010000000                . = ALIGN (0x4)
                0x0000000010000000                _sccmram = .
 *(.ccmram)
 *(.ccmram*)
                0x0000000010000000                . = ALIGN (0x4)
                0x0000000010000000                _eccmram = .
                0x0000000010000000                . = ALIGN (0x4)

.bss            0x0000000020000028       0xd4
                0x0000000020000028                _sbss = .
                0x0000000020000028                __bss_start__ = _sbss
 *(.bss)
 .bss           0x0000000020000028       0x1c d:/stm32cubeide_1.9.0/stm32cubeide/plugins/com.st.stm32cube.ide.mcu.externaltools.gnu-tools-for-stm32.10.3-2021.10.win32_1.0.0.202111181127/tools/bin/../lib/gcc/arm-none-eabi/10.3.1/thumb/v7e-m+fp/hard/crtbegin.o
 *(.bss*)
 .bss.SpiHandle
                0x0000000020000044       0x58 ./Core/Src/discovery.o
 .bss.Is_LCD_IO_Initialized
                0x000000002000009c        0x1 ./Core/Src/discovery.o
 .bss.cl.1      0x000000002000009d        0x1 ./Core/Src/ili9341.o
 .bss.pg.0      0x000000002000009e        0x1 ./Core/Src/ili9341.o
 *fill*         0x000000002000009f        0x1 
 .bss.hspi5     0x00000000200000a0       0x58 ./Core/Src/main.o
                0x00000000200000a0                hspi5
 .bss.uwTick    0x00000000200000f8        0x4 ./Drivers/STM32F4xx_HAL_Driver/Src/stm32f4xx_hal.o
                0x00000000200000f8                uwTick
 *(COMMON)
                0x00000000200000fc                . = ALIGN (0x4)
                0x00000000200000fc                _ebss = .
                0x00000000200000fc                __bss_end__ = _ebss

._user_heap_stack
                0x00000000200000fc      0x604
                0x0000000020000100                . = ALIGN (0x8)
 *fill*         0x00000000200000fc        0x4 
                [!provide]                        PROVIDE (end = .)
                0x0000000020000100                PROVIDE (_end = .)
                0x0000000020000300                . = (. + _Min_Heap_Size)
 *fill*         0x0000000020000100      0x200 
                0x0000000020000700                . = (. + _Min_Stack_Size)
 *fill*         0x0000000020000300      0x400 
                0x0000000020000700                . = ALIGN (0x8)

/DISCARD/
 libc.a(*)
 libm.a(*)
 libgcc.a(*)

.ARM.attributes
                0x0000000000000000       0x30
 *(.ARM.attributes)
 .ARM.attributes
                0x0000000000000000       0x1e d:/stm32cubeide_1.9.0/stm32cubeide/plugins/com.st.stm32cube.ide.mcu.externaltools.gnu-tools-for-stm32.10.3-2021.10.win32_1.0.0.202111181127/tools/bin/../lib/gcc/arm-none-eabi/10.3.1/thumb/v7e-m+fp/hard/crti.o
 .ARM.attributes
                0x000000000000001e       0x34 d:/stm32cubeide_1.9.0/stm32cubeide/plugins/com.st.stm32cube.ide.mcu.externaltools.gnu-tools-for-stm32.10.3-2021.10.win32_1.0.0.202111181127/tools/bin/../lib/gcc/arm-none-eabi/10.3.1/thumb/v7e-m+fp/hard/crtbegin.o
 .ARM.attributes
                0x0000000000000052       0x34 ./Core/Src/discovery.o
 .ARM.attributes
                0x0000000000000086       0x34 ./Core/Src/fonts.o
 .ARM.attributes
                0x00000000000000ba       0x34 ./Core/Src/ili9341.o
 .ARM.attributes
                0x00000000000000ee       0x34 ./Core/Src/main.o
 .ARM.attributes
                0x0000000000000122       0x34 ./Core/Src/stm32f4xx_hal_msp.o
 .ARM.attributes
                0x0000000000000156       0x34 ./Core/Src/stm32f4xx_it.o
 .ARM.attributes
                0x000000000000018a       0x34 ./Core/Src/system_stm32f4xx.o
 .ARM.attributes
                0x00000000000001be       0x21 ./Core/Startup/startup_stm32f429zitx.o
 .ARM.attributes
                0x00000000000001df       0x34 ./Drivers/STM32F4xx_HAL_Driver/Src/stm32f4xx_hal.o
 .ARM.attributes
                0x0000000000000213       0x34 ./Drivers/STM32F4xx_HAL_Driver/Src/stm32f4xx_hal_cortex.o
 .ARM.attributes
                0x0000000000000247       0x34 ./Drivers/STM32F4xx_HAL_Driver/Src/stm32f4xx_hal_gpio.o
 .ARM.attributes
                0x000000000000027b       0x34 ./Drivers/STM32F4xx_HAL_Driver/Src/stm32f4xx_hal_rcc.o
 .ARM.attributes
                0x00000000000002af       0x34 ./Drivers/STM32F4xx_HAL_Driver/Src/stm32f4xx_hal_spi.o
 .ARM.attributes
                0x00000000000002e3       0x34 d:/stm32cubeide_1.9.0/stm32cubeide/plugins/com.st.stm32cube.ide.mcu.externaltools.gnu-tools-for-stm32.10.3-2021.10.win32_1.0.0.202111181127/tools/bin/../lib/gcc/arm-none-eabi/10.3.1/../../../../arm-none-eabi/lib/thumb/v7e-m+fp/hard\libc_nano.a(lib_a-init.o)
 .ARM.attributes
                0x0000000000000317       0x34 d:/stm32cubeide_1.9.0/stm32cubeide/plugins/com.st.stm32cube.ide.mcu.externaltools.gnu-tools-for-stm32.10.3-2021.10.win32_1.0.0.202111181127/tools/bin/../lib/gcc/arm-none-eabi/10.3.1/../../../../arm-none-eabi/lib/thumb/v7e-m+fp/hard\libc_nano.a(lib_a-memset.o)
 .ARM.attributes
                0x000000000000034b       0x1e d:/stm32cubeide_1.9.0/stm32cubeide/plugins/com.st.stm32cube.ide.mcu.externaltools.gnu-tools-for-stm32.10.3-2021.10.win32_1.0.0.202111181127/tools/bin/../lib/gcc/arm-none-eabi/10.3.1/thumb/v7e-m+fp/hard\libgcc.a(_aeabi_uldivmod.o)
 .ARM.attributes
                0x0000000000000369       0x34 d:/stm32cubeide_1.9.0/stm32cubeide/plugins/com.st.stm32cube.ide.mcu.externaltools.gnu-tools-for-stm32.10.3-2021.10.win32_1.0.0.202111181127/tools/bin/../lib/gcc/arm-none-eabi/10.3.1/thumb/v7e-m+fp/hard\libgcc.a(_udivmoddi4.o)
 .ARM.attributes
                0x000000000000039d       0x1e d:/stm32cubeide_1.9.0/stm32cubeide/plugins/com.st.stm32cube.ide.mcu.externaltools.gnu-tools-for-stm32.10.3-2021.10.win32_1.0.0.202111181127/tools/bin/../lib/gcc/arm-none-eabi/10.3.1/thumb/v7e-m+fp/hard\libgcc.a(_dvmd_tls.o)
 .ARM.attributes
                0x00000000000003bb       0x1e d:/stm32cubeide_1.9.0/stm32cubeide/plugins/com.st.stm32cube.ide.mcu.externaltools.gnu-tools-for-stm32.10.3-2021.10.win32_1.0.0.202111181127/tools/bin/../lib/gcc/arm-none-eabi/10.3.1/thumb/v7e-m+fp/hard/crtn.o
OUTPUT(lcd_test.elf elf32-littlearm)
LOAD linker stubs
LOAD d:/stm32cubeide_1.9.0/stm32cubeide/plugins/com.st.stm32cube.ide.mcu.externaltools.gnu-tools-for-stm32.10.3-2021.10.win32_1.0.0.202111181127/tools/bin/../lib/gcc/arm-none-eabi/10.3.1/../../../../arm-none-eabi/lib/thumb/v7e-m+fp/hard\libc.a
LOAD d:/stm32cubeide_1.9.0/stm32cubeide/plugins/com.st.stm32cube.ide.mcu.externaltools.gnu-tools-for-stm32.10.3-2021.10.win32_1.0.0.202111181127/tools/bin/../lib/gcc/arm-none-eabi/10.3.1/../../../../arm-none-eabi/lib/thumb/v7e-m+fp/hard\libm.a
LOAD d:/stm32cubeide_1.9.0/stm32cubeide/plugins/com.st.stm32cube.ide.mcu.externaltools.gnu-tools-for-stm32.10.3-2021.10.win32_1.0.0.202111181127/tools/bin/../lib/gcc/arm-none-eabi/10.3.1/thumb/v7e-m+fp/hard\libgcc.a

.debug_info     0x0000000000000000     0x75b7
 .debug_info    0x0000000000000000      0xcd6 ./Core/Src/discovery.o
 .debug_info    0x0000000000000cd6      0x226 ./Core/Src/fonts.o
 .debug_info    0x0000000000000efc      0x92c ./Core/Src/ili9341.o
 .debug_info    0x0000000000001828      0xc88 ./Core/Src/main.o
 .debug_info    0x00000000000024b0      0x9d9 ./Core/Src/stm32f4xx_hal_msp.o
 .debug_info    0x0000000000002e89      0x128 ./Core/Src/stm32f4xx_it.o
 .debug_info    0x0000000000002fb1      0x53f ./Core/Src/system_stm32f4xx.o
 .debug_info    0x00000000000034f0       0x22 ./Core/Startup/startup_stm32f429zitx.o
 .debug_info    0x0000000000003512      0x9f4 ./Drivers/STM32F4xx_HAL_Driver/Src/stm32f4xx_hal.o
 .debug_info    0x0000000000003f06      0xe51 ./Drivers/STM32F4xx_HAL_Driver/Src/stm32f4xx_hal_cortex.o
 .debug_info    0x0000000000004d57      0x786 ./Drivers/STM32F4xx_HAL_Driver/Src/stm32f4xx_hal_gpio.o
 .debug_info    0x00000000000054dd      0x982 ./Drivers/STM32F4xx_HAL_Driver/Src/stm32f4xx_hal_rcc.o
 .debug_info    0x0000000000005e5f     0x1758 ./Drivers/STM32F4xx_HAL_Driver/Src/stm32f4xx_hal_spi.o

.debug_abbrev   0x0000000000000000     0x16a1
 .debug_abbrev  0x0000000000000000      0x223 ./Core/Src/discovery.o
 .debug_abbrev  0x0000000000000223       0xfe ./Core/Src/fonts.o
 .debug_abbrev  0x0000000000000321      0x20a ./Core/Src/ili9341.o
 .debug_abbrev  0x000000000000052b      0x247 ./Core/Src/main.o
 .debug_abbrev  0x0000000000000772      0x194 ./Core/Src/stm32f4xx_hal_msp.o
 .debug_abbrev  0x0000000000000906       0x74 ./Core/Src/stm32f4xx_it.o
 .debug_abbrev  0x000000000000097a      0x116 ./Core/Src/system_stm32f4xx.o
 .debug_abbrev  0x0000000000000a90       0x12 ./Core/Startup/startup_stm32f429zitx.o
 .debug_abbrev  0x0000000000000aa2      0x20d ./Drivers/STM32F4xx_HAL_Driver/Src/stm32f4xx_hal.o
 .debug_abbrev  0x0000000000000caf      0x316 ./Drivers/STM32F4xx_HAL_Driver/Src/stm32f4xx_hal_cortex.o
 .debug_abbrev  0x0000000000000fc5      0x1c4 ./Drivers/STM32F4xx_HAL_Driver/Src/stm32f4xx_hal_gpio.o
 .debug_abbrev  0x0000000000001189      0x2aa ./Drivers/STM32F4xx_HAL_Driver/Src/stm32f4xx_hal_rcc.o
 .debug_abbrev  0x0000000000001433      0x26e ./Drivers/STM32F4xx_HAL_Driver/Src/stm32f4xx_hal_spi.o

.debug_aranges  0x0000000000000000      0x748
 .debug_aranges
                0x0000000000000000       0x70 ./Core/Src/discovery.o
 .debug_aranges
                0x0000000000000070       0x28 ./Core/Src/fonts.o
 .debug_aranges
                0x0000000000000098       0xc8 ./Core/Src/ili9341.o
 .debug_aranges
                0x0000000000000160       0x40 ./Core/Src/main.o
 .debug_aranges
                0x00000000000001a0       0x30 ./Core/Src/stm32f4xx_hal_msp.o
 .debug_aranges
                0x00000000000001d0       0x60 ./Core/Src/stm32f4xx_it.o
 .debug_aranges
                0x0000000000000230       0x28 ./Core/Src/system_stm32f4xx.o
 .debug_aranges
                0x0000000000000258       0x28 ./Core/Startup/startup_stm32f429zitx.o
 .debug_aranges
                0x0000000000000280      0x100 ./Drivers/STM32F4xx_HAL_Driver/Src/stm32f4xx_hal.o
 .debug_aranges
                0x0000000000000380      0x118 ./Drivers/STM32F4xx_HAL_Driver/Src/stm32f4xx_hal_cortex.o
 .debug_aranges
                0x0000000000000498       0x58 ./Drivers/STM32F4xx_HAL_Driver/Src/stm32f4xx_hal_gpio.o
 .debug_aranges
                0x00000000000004f0       0x88 ./Drivers/STM32F4xx_HAL_Driver/Src/stm32f4xx_hal_rcc.o
 .debug_aranges
                0x0000000000000578      0x1d0 ./Drivers/STM32F4xx_HAL_Driver/Src/stm32f4xx_hal_spi.o

.debug_ranges   0x0000000000000000      0x680
 .debug_ranges  0x0000000000000000       0x60 ./Core/Src/discovery.o
 .debug_ranges  0x0000000000000060       0x18 ./Core/Src/fonts.o
 .debug_ranges  0x0000000000000078       0xb8 ./Core/Src/ili9341.o
 .debug_ranges  0x0000000000000130       0x30 ./Core/Src/main.o
 .debug_ranges  0x0000000000000160       0x20 ./Core/Src/stm32f4xx_hal_msp.o
 .debug_ranges  0x0000000000000180       0x50 ./Core/Src/stm32f4xx_it.o
 .debug_ranges  0x00000000000001d0       0x18 ./Core/Src/system_stm32f4xx.o
 .debug_ranges  0x00000000000001e8       0x20 ./Core/Startup/startup_stm32f429zitx.o
 .debug_ranges  0x0000000000000208       0xf0 ./Drivers/STM32F4xx_HAL_Driver/Src/stm32f4xx_hal.o
 .debug_ranges  0x00000000000002f8      0x108 ./Drivers/STM32F4xx_HAL_Driver/Src/stm32f4xx_hal_cortex.o
 .debug_ranges  0x0000000000000400       0x48 ./Drivers/STM32F4xx_HAL_Driver/Src/stm32f4xx_hal_gpio.o
 .debug_ranges  0x0000000000000448       0x78 ./Drivers/STM32F4xx_HAL_Driver/Src/stm32f4xx_hal_rcc.o
 .debug_ranges  0x00000000000004c0      0x1c0 ./Drivers/STM32F4xx_HAL_Driver/Src/stm32f4xx_hal_spi.o

.debug_macro    0x0000000000000000    0x23bce
 .debug_macro   0x0000000000000000      0x356 ./Core/Src/discovery.o
 .debug_macro   0x0000000000000356      0xa78 ./Core/Src/discovery.o
 .debug_macro   0x0000000000000dce      0x295 ./Core/Src/discovery.o
 .debug_macro   0x0000000000001063       0x2e ./Core/Src/discovery.o
 .debug_macro   0x0000000000001091       0x28 ./Core/Src/discovery.o
 .debug_macro   0x00000000000010b9       0x22 ./Core/Src/discovery.o
 .debug_macro   0x00000000000010db       0x8e ./Core/Src/discovery.o
 .debug_macro   0x0000000000001169       0x51 ./Core/Src/discovery.o
 .debug_macro   0x00000000000011ba      0x103 ./Core/Src/discovery.o
 .debug_macro   0x00000000000012bd       0x6a ./Core/Src/discovery.o
 .debug_macro   0x0000000000001327      0x1df ./Core/Src/discovery.o
 .debug_macro   0x0000000000001506       0x1c ./Core/Src/discovery.o
 .debug_macro   0x0000000000001522       0x22 ./Core/Src/discovery.o
 .debug_macro   0x0000000000001544       0xd9 ./Core/Src/discovery.o
 .debug_macro   0x000000000000161d     0x102d ./Core/Src/discovery.o
 .debug_macro   0x000000000000264a      0x11f ./Core/Src/discovery.o
 .debug_macro   0x0000000000002769    0x17fc0 ./Core/Src/discovery.o
 .debug_macro   0x000000000001a729       0x6d ./Core/Src/discovery.o
 .debug_macro   0x000000000001a796     0x36f5 ./Core/Src/discovery.o
 .debug_macro   0x000000000001de8b      0x174 ./Core/Src/discovery.o
 .debug_macro   0x000000000001dfff       0x5c ./Core/Src/discovery.o
 .debug_macro   0x000000000001e05b      0xca5 ./Core/Src/discovery.o
 .debug_macro   0x000000000001ed00      0x9fe ./Core/Src/discovery.o
 .debug_macro   0x000000000001f6fe      0x115 ./Core/Src/discovery.o
 .debug_macro   0x000000000001f813      0x156 ./Core/Src/discovery.o
 .debug_macro   0x000000000001f969       0xa5 ./Core/Src/discovery.o
 .debug_macro   0x000000000001fa0e      0x182 ./Core/Src/discovery.o
 .debug_macro   0x000000000001fb90      0x287 ./Core/Src/discovery.o
 .debug_macro   0x000000000001fe17       0x5f ./Core/Src/discovery.o
 .debug_macro   0x000000000001fe76      0x236 ./Core/Src/discovery.o
 .debug_macro   0x00000000000200ac      0x132 ./Core/Src/discovery.o
 .debug_macro   0x00000000000201de      0x41d ./Core/Src/discovery.o
 .debug_macro   0x00000000000205fb       0x2e ./Core/Src/discovery.o
 .debug_macro   0x0000000000020629      0x11a ./Core/Src/discovery.o
 .debug_macro   0x0000000000020743       0xe2 ./Core/Src/discovery.o
 .debug_macro   0x0000000000020825       0x89 ./Core/Src/discovery.o
 .debug_macro   0x00000000000208ae      0x225 ./Core/Src/discovery.o
 .debug_macro   0x0000000000020ad3      0x134 ./Core/Src/discovery.o
 .debug_macro   0x0000000000020c07       0x52 ./Core/Src/discovery.o
 .debug_macro   0x0000000000020c59       0x1e ./Core/Src/discovery.o
 .debug_macro   0x0000000000020c77       0x3c ./Core/Src/discovery.o
 .debug_macro   0x0000000000020cb3       0x34 ./Core/Src/discovery.o
 .debug_macro   0x0000000000020ce7       0x16 ./Core/Src/discovery.o
 .debug_macro   0x0000000000020cfd       0x35 ./Core/Src/discovery.o
 .debug_macro   0x0000000000020d32      0x341 ./Core/Src/discovery.o
 .debug_macro   0x0000000000021073       0x10 ./Core/Src/discovery.o
 .debug_macro   0x0000000000021083       0x16 ./Core/Src/discovery.o
 .debug_macro   0x0000000000021099       0x43 ./Core/Src/discovery.o
 .debug_macro   0x00000000000210dc       0x34 ./Core/Src/discovery.o
 .debug_macro   0x0000000000021110       0x10 ./Core/Src/discovery.o
 .debug_macro   0x0000000000021120       0x58 ./Core/Src/discovery.o
 .debug_macro   0x0000000000021178       0x71 ./Core/Src/discovery.o
 .debug_macro   0x00000000000211e9       0x1c ./Core/Src/discovery.o
 .debug_macro   0x0000000000021205      0x12a ./Core/Src/discovery.o
 .debug_macro   0x000000000002132f       0x10 ./Core/Src/discovery.o
 .debug_macro   0x000000000002133f       0x1c ./Core/Src/discovery.o
 .debug_macro   0x000000000002135b       0x52 ./Core/Src/discovery.o
 .debug_macro   0x00000000000213ad       0x22 ./Core/Src/discovery.o
 .debug_macro   0x00000000000213cf       0x10 ./Core/Src/discovery.o
 .debug_macro   0x00000000000213df       0x52 ./Core/Src/discovery.o
 .debug_macro   0x0000000000021431       0xd5 ./Core/Src/discovery.o
 .debug_macro   0x0000000000021506       0x1c ./Core/Src/discovery.o
 .debug_macro   0x0000000000021522       0x3d ./Core/Src/discovery.o
 .debug_macro   0x000000000002155f       0x16 ./Core/Src/discovery.o
 .debug_macro   0x0000000000021575      0x145 ./Core/Src/discovery.o
 .debug_macro   0x00000000000216ba      0x328 ./Core/Src/discovery.o
 .debug_macro   0x00000000000219e2      0x360 ./Core/Src/fonts.o
 .debug_macro   0x0000000000021d42      0x322 ./Core/Src/fonts.o
 .debug_macro   0x0000000000022064      0x354 ./Core/Src/ili9341.o
 .debug_macro   0x00000000000223b8       0x4c ./Core/Src/ili9341.o
 .debug_macro   0x0000000000022404       0x94 ./Core/Src/ili9341.o
 .debug_macro   0x0000000000022498       0x57 ./Core/Src/ili9341.o
 .debug_macro   0x00000000000224ef       0x97 ./Core/Src/ili9341.o
 .debug_macro   0x0000000000022586       0xfd ./Core/Src/ili9341.o
 .debug_macro   0x0000000000022683       0x56 ./Core/Src/ili9341.o
 .debug_macro   0x00000000000226d9      0x352 ./Core/Src/main.o
 .debug_macro   0x0000000000022a2b      0x352 ./Core/Src/stm32f4xx_hal_msp.o
 .debug_macro   0x0000000000022d7d      0x35c ./Core/Src/stm32f4xx_it.o
 .debug_macro   0x00000000000230d9      0x1ba ./Core/Src/system_stm32f4xx.o
 .debug_macro   0x0000000000023293      0x21a ./Drivers/STM32F4xx_HAL_Driver/Src/stm32f4xx_hal.o
 .debug_macro   0x00000000000234ad      0x1ba ./Drivers/STM32F4xx_HAL_Driver/Src/stm32f4xx_hal_cortex.o
 .debug_macro   0x0000000000023667      0x1c0 ./Drivers/STM32F4xx_HAL_Driver/Src/stm32f4xx_hal_gpio.o
 .debug_macro   0x0000000000023827      0x1de ./Drivers/STM32F4xx_HAL_Driver/Src/stm32f4xx_hal_rcc.o
 .debug_macro   0x0000000000023a05      0x1c9 ./Drivers/STM32F4xx_HAL_Driver/Src/stm32f4xx_hal_spi.o

.debug_line     0x0000000000000000     0x8c71
 .debug_line    0x0000000000000000      0x9ed ./Core/Src/discovery.o
 .debug_line    0x00000000000009ed      0x8b4 ./Core/Src/fonts.o
 .debug_line    0x00000000000012a1      0xd52 ./Core/Src/ili9341.o
 .debug_line    0x0000000000001ff3      0x973 ./Core/Src/main.o
 .debug_line    0x0000000000002966      0x8d4 ./Core/Src/stm32f4xx_hal_msp.o
 .debug_line    0x000000000000323a      0x94a ./Core/Src/stm32f4xx_it.o
 .debug_line    0x0000000000003b84      0x6fb ./Core/Src/system_stm32f4xx.o
 .debug_line    0x000000000000427f       0x88 ./Core/Startup/startup_stm32f429zitx.o
 .debug_line    0x0000000000004307      0x997 ./Drivers/STM32F4xx_HAL_Driver/Src/stm32f4xx_hal.o
 .debug_line    0x0000000000004c9e      0xc10 ./Drivers/STM32F4xx_HAL_Driver/Src/stm32f4xx_hal_cortex.o
 .debug_line    0x00000000000058ae      0xafd ./Drivers/STM32F4xx_HAL_Driver/Src/stm32f4xx_hal_gpio.o
 .debug_line    0x00000000000063ab      0xcdb ./Drivers/STM32F4xx_HAL_Driver/Src/stm32f4xx_hal_rcc.o
 .debug_line    0x0000000000007086     0x1beb ./Drivers/STM32F4xx_HAL_Driver/Src/stm32f4xx_hal_spi.o

.debug_str      0x0000000000000000    0xd1a42
 .debug_str     0x0000000000000000    0xcfc31 ./Core/Src/discovery.o
                                      0xcff28 (size before relaxing)
 .debug_str     0x00000000000cfc31       0x81 ./Core/Src/fonts.o
                                      0xcf7ee (size before relaxing)
 .debug_str     0x00000000000cfcb2      0x216 ./Core/Src/ili9341.o
                                      0xcfa30 (size before relaxing)
 .debug_str     0x00000000000cfec8      0x1bb ./Core/Src/main.o
                                      0xcff83 (size before relaxing)
 .debug_str     0x00000000000d0083       0x5e ./Core/Src/stm32f4xx_hal_msp.o
                                      0xcfd8d (size before relaxing)
 .debug_str     0x00000000000d00e1       0xc9 ./Core/Src/stm32f4xx_it.o
                                      0xcf805 (size before relaxing)
 .debug_str     0x00000000000d01aa       0xdb ./Core/Src/system_stm32f4xx.o
                                      0xcaed9 (size before relaxing)
 .debug_str     0x00000000000d0285       0x36 ./Core/Startup/startup_stm32f429zitx.o
                                         0x4e (size before relaxing)
 .debug_str     0x00000000000d02bb      0xb9c ./Drivers/STM32F4xx_HAL_Driver/Src/stm32f4xx_hal.o
                                      0xcbafc (size before relaxing)
 .debug_str     0x00000000000d0e57      0x354 ./Drivers/STM32F4xx_HAL_Driver/Src/stm32f4xx_hal_cortex.o
                                      0xcb7e1 (size before relaxing)
 .debug_str     0x00000000000d11ab      0x121 ./Drivers/STM32F4xx_HAL_Driver/Src/stm32f4xx_hal_gpio.o
                                      0xcb054 (size before relaxing)
 .debug_str     0x00000000000d12cc      0x233 ./Drivers/STM32F4xx_HAL_Driver/Src/stm32f4xx_hal_rcc.o
                                      0xcb30d (size before relaxing)
 .debug_str     0x00000000000d14ff      0x543 ./Drivers/STM32F4xx_HAL_Driver/Src/stm32f4xx_hal_spi.o
                                      0xcb78a (size before relaxing)

.comment        0x0000000000000000       0x50
 .comment       0x0000000000000000       0x50 ./Core/Src/discovery.o
                                         0x51 (size before relaxing)
 .comment       0x0000000000000050       0x51 ./Core/Src/fonts.o
 .comment       0x0000000000000050       0x51 ./Core/Src/ili9341.o
 .comment       0x0000000000000050       0x51 ./Core/Src/main.o
 .comment       0x0000000000000050       0x51 ./Core/Src/stm32f4xx_hal_msp.o
 .comment       0x0000000000000050       0x51 ./Core/Src/stm32f4xx_it.o
 .comment       0x0000000000000050       0x51 ./Core/Src/system_stm32f4xx.o
 .comment       0x0000000000000050       0x51 ./Drivers/STM32F4xx_HAL_Driver/Src/stm32f4xx_hal.o
 .comment       0x0000000000000050       0x51 ./Drivers/STM32F4xx_HAL_Driver/Src/stm32f4xx_hal_cortex.o
 .comment       0x0000000000000050       0x51 ./Drivers/STM32F4xx_HAL_Driver/Src/stm32f4xx_hal_gpio.o
 .comment       0x0000000000000050       0x51 ./Drivers/STM32F4xx_HAL_Driver/Src/stm32f4xx_hal_rcc.o
 .comment       0x0000000000000050       0x51 ./Drivers/STM32F4xx_HAL_Driver/Src/stm32f4xx_hal_spi.o

.debug_frame    0x0000000000000000     0x1bf4
 .debug_frame   0x0000000000000000      0x18c ./Core/Src/discovery.o
 .debug_frame   0x000000000000018c       0x60 ./Core/Src/fonts.o
 .debug_frame   0x00000000000001ec      0x328 ./Core/Src/ili9341.o
 .debug_frame   0x0000000000000514       0xa8 ./Core/Src/main.o
 .debug_frame   0x00000000000005bc       0x80 ./Core/Src/stm32f4xx_hal_msp.o
 .debug_frame   0x000000000000063c      0x104 ./Core/Src/stm32f4xx_it.o
 .debug_frame   0x0000000000000740       0x58 ./Core/Src/system_stm32f4xx.o
 .debug_frame   0x0000000000000798      0x3b4 ./Drivers/STM32F4xx_HAL_Driver/Src/stm32f4xx_hal.o
 .debug_frame   0x0000000000000b4c      0x498 ./Drivers/STM32F4xx_HAL_Driver/Src/stm32f4xx_hal_cortex.o
 .debug_frame   0x0000000000000fe4      0x14c ./Drivers/STM32F4xx_HAL_Driver/Src/stm32f4xx_hal_gpio.o
 .debug_frame   0x0000000000001130      0x1f4 ./Drivers/STM32F4xx_HAL_Driver/Src/stm32f4xx_hal_rcc.o
 .debug_frame   0x0000000000001324      0x824 ./Drivers/STM32F4xx_HAL_Driver/Src/stm32f4xx_hal_spi.o
 .debug_frame   0x0000000000001b48       0x2c d:/stm32cubeide_1.9.0/stm32cubeide/plugins/com.st.stm32cube.ide.mcu.externaltools.gnu-tools-for-stm32.10.3-2021.10.win32_1.0.0.202111181127/tools/bin/../lib/gcc/arm-none-eabi/10.3.1/../../../../arm-none-eabi/lib/thumb/v7e-m+fp/hard\libc_nano.a(lib_a-init.o)
 .debug_frame   0x0000000000001b74       0x20 d:/stm32cubeide_1.9.0/stm32cubeide/plugins/com.st.stm32cube.ide.mcu.externaltools.gnu-tools-for-stm32.10.3-2021.10.win32_1.0.0.202111181127/tools/bin/../lib/gcc/arm-none-eabi/10.3.1/../../../../arm-none-eabi/lib/thumb/v7e-m+fp/hard\libc_nano.a(lib_a-memset.o)
 .debug_frame   0x0000000000001b94       0x2c d:/stm32cubeide_1.9.0/stm32cubeide/plugins/com.st.stm32cube.ide.mcu.externaltools.gnu-tools-for-stm32.10.3-2021.10.win32_1.0.0.202111181127/tools/bin/../lib/gcc/arm-none-eabi/10.3.1/thumb/v7e-m+fp/hard\libgcc.a(_aeabi_uldivmod.o)
 .debug_frame   0x0000000000001bc0       0x34 d:/stm32cubeide_1.9.0/stm32cubeide/plugins/com.st.stm32cube.ide.mcu.externaltools.gnu-tools-for-stm32.10.3-2021.10.win32_1.0.0.202111181127/tools/bin/../lib/gcc/arm-none-eabi/10.3.1/thumb/v7e-m+fp/hard\libgcc.a(_udivmoddi4.o)
