../Core/Src/discovery.c:12:6:LCD_IO_Init	40	static
../Core/Src/discovery.c:53:6:LCD_IO_WriteData	16	static
../Core/Src/discovery.c:66:6:LCD_IO_WriteReg	16	static
../Core/Src/discovery.c:79:10:LCD_IO_ReadData	24	static
../Core/Src/discovery.c:102:6:LCD_Delay	16	static
../Core/Src/discovery.c:108:6:SPIx_MspInit	48	static
../Core/Src/discovery.c:127:6:SPIx_Init	8	static
../Core/Src/discovery.c:160:6:SPIx_Write	24	static
../Core/Src/discovery.c:174:9:SPIx_WriteRead	32	static
../Core/Src/discovery.c:188:6:SPIx_Error	8	static
../Core/Src/discovery.c:197:17:SPIx_Read	24	static
