../Core/Src/ili9341.c:5:6:ili9341_Init	8	static
../Core/Src/ili9341.c:169:10:ili9341_ReadID	8	static
../Core/Src/ili9341.c:175:6:ili9341_DisplayOn	8	static
../Core/Src/ili9341.c:181:6:ili9341_DisplayOff	8	static
../Core/Src/ili9341.c:187:6:ili9341_WriteReg	16	static
../Core/Src/ili9341.c:192:6:ili9341_WriteData	16	static
../Core/Src/ili9341.c:197:6:ili9341_WriteData16	16	static
../Core/Src/ili9341.c:202:10:ili9341_ReadData	16	static
../Core/Src/ili9341.c:208:10:ili9341_GetLcdPixelWidth	4	static
../Core/Src/ili9341.c:214:10:ili9341_GetLcdPixelHeight	4	static
../Core/Src/ili9341.c:220:6:ili9341_SetCursor	24	static
../Core/Src/ili9341.c:233:6:ili9341_DrawPixel	16	static
../Core/Src/ili9341.c:239:6:ili9341_WriteChar	48	static
../Core/Src/ili9341.c:266:6:ili9341_WriteChar2	48	static
../Core/Src/ili9341.c:291:6:ili9341_DrawCube	32	static
../Core/Src/ili9341.c:299:6:ili9341_MainDraw	32	static
../Core/Src/ili9341.c:339:6:ili9341_DrawChank	32	static
../Core/Src/ili9341.c:343:6:ili9341_Print	24	static
../Core/Src/ili9341.c:351:6:ili9341_DrawLine	56	static
../Core/Src/ili9341.c:371:6:ili9341_DrawTriangle	32	static
../Core/Src/ili9341.c:377:6:ili9341_DrawCircle	32	static
../Core/Src/ili9341.c:404:13:Pixel_circle	40	static
